[2026-06-24 16:01:42] Starting NGraph site graph construction 
[2026-06-24 16:01:46] minet available: 3.68.0 
[2026-06-24 16:01:48] Threshold 10 built ST8 PEARSON graph: 500 nodes, 3843 edges 
[2026-06-24 16:01:49] Threshold 10 built ST8 BICOR graph: 500 nodes, 8031 edges 
[2026-06-24 16:02:01] Threshold 10 built ST8 SPEARMAN graph: 500 nodes, 5017 edges 
[2026-06-24 16:02:01] Threshold 10 built ST8 MI/ARACNE graph: 500 nodes, 937 edges 
[2026-06-24 16:02:02] Threshold 10 built ST13 PEARSON graph: 500 nodes, 2078 edges 
[2026-06-24 16:02:02] Threshold 10 built ST13 BICOR graph: 500 nodes, 5039 edges 
[2026-06-24 16:02:10] Threshold 10 built ST13 SPEARMAN graph: 500 nodes, 3438 edges 
[2026-06-24 16:02:11] Threshold 10 built ST13 MI/ARACNE graph: 500 nodes, 1365 edges 
[2026-06-24 16:02:11] Threshold 10 built GeoB25202_R1 PEARSON graph: 500 nodes, 5529 edges 
[2026-06-24 16:02:12] Threshold 10 built GeoB25202_R1 BICOR graph: 500 nodes, 7810 edges 
[2026-06-24 16:02:19] Threshold 10 built GeoB25202_R1 SPEARMAN graph: 500 nodes, 8303 edges 
[2026-06-24 16:02:20] Threshold 10 built GeoB25202_R1 MI/ARACNE graph: 500 nodes, 1351 edges 
[2026-06-24 16:02:20] Threshold 10 built GeoB25202_R2 PEARSON graph: 500 nodes, 4578 edges 
[2026-06-24 16:02:21] Threshold 10 built GeoB25202_R2 BICOR graph: 500 nodes, 9016 edges 
[2026-06-24 16:02:30] Threshold 10 built GeoB25202_R2 SPEARMAN graph: 500 nodes, 7086 edges 
[2026-06-24 16:02:31] Threshold 10 built GeoB25202_R2 MI/ARACNE graph: 500 nodes, 1391 edges 
[2026-06-24 16:02:31] Method Validated: threshold-specific site graphs written 
[2026-06-24 16:02:31] Complete 
